main.c:83:5:main	16	static
main.c:154:6:SystemClock_Config	128	static
main.c:201:13:MX_USART1_UART_Init	8	static
main.c:236:13:MX_USB_PCD_Init	8	static
main.c:267:13:MX_GPIO_Init	56	static
main.c:393:9:person_present	16	static
main.c:406:6:move_actuator	16	static
main.c:429:9:actuator_state	8	static
main.c:435:9:door_state	8	static
main.c:442:6:direction	16	static
main.c:450:6:brake	16	static
main.c:459:9:wind_sensor_state	8	static
main.c:468:6:initial_system_state	8	static
main.c:492:9:select_system	16	static
main.c:505:6:normal_state	16	static
main.c:604:6:emergency_close	8	static
main.c:626:6:remained_open	8	static
main.c:661:9:manager_auth	8	static
main.c:667:9:countstates	24	static
main.c:680:6:move_motor	88	static
main.c:723:6:Error_Handler	4	static,ignoring_inline_asm
